Archive member included to satisfy reference by file (symbol)

c:/program files (x86)/atollic/truestudio for stm32 9.0.1/armtools/bin/../lib/gcc/arm-atollic-eabi/6.3.1/../../../../arm-atollic-eabi/lib/armv7-m\libc_nano.a(lib_a-init.o)
                              Src\Lib\Startup\startup_stm32f103xb.o (__libc_init_array)

Discarded input sections

 .text          0x00000000        0x0 c:/program files (x86)/atollic/truestudio for stm32 9.0.1/armtools/bin/../lib/gcc/arm-atollic-eabi/6.3.1/armv7-m/crti.o
 .data          0x00000000        0x0 c:/program files (x86)/atollic/truestudio for stm32 9.0.1/armtools/bin/../lib/gcc/arm-atollic-eabi/6.3.1/armv7-m/crti.o
 .bss           0x00000000        0x0 c:/program files (x86)/atollic/truestudio for stm32 9.0.1/armtools/bin/../lib/gcc/arm-atollic-eabi/6.3.1/armv7-m/crti.o
 .data          0x00000000        0x4 c:/program files (x86)/atollic/truestudio for stm32 9.0.1/armtools/bin/../lib/gcc/arm-atollic-eabi/6.3.1/armv7-m/crtbegin.o
 .text          0x00000000       0xa8 Src\BSP\Legucy\My103.o
 .data          0x00000000        0x0 Src\BSP\Legucy\My103.o
 .bss           0x00000000        0x0 Src\BSP\Legucy\My103.o
 .debug_info    0x00000000      0xc58 Src\BSP\Legucy\My103.o
 .debug_abbrev  0x00000000      0x224 Src\BSP\Legucy\My103.o
 .debug_loc     0x00000000       0x7a Src\BSP\Legucy\My103.o
 .debug_aranges
                0x00000000       0x20 Src\BSP\Legucy\My103.o
 .debug_line    0x00000000      0x2b3 Src\BSP\Legucy\My103.o
 .debug_str     0x00000000      0x701 Src\BSP\Legucy\My103.o
 .comment       0x00000000       0x7d Src\BSP\Legucy\My103.o
 .debug_frame   0x00000000       0x84 Src\BSP\Legucy\My103.o
 .ARM.attributes
                0x00000000       0x33 Src\BSP\Legucy\My103.o
 .text          0x00000000       0x20 Src\BSP\bsp.o
 .data          0x00000000        0x0 Src\BSP\bsp.o
 .bss           0x00000000        0x0 Src\BSP\bsp.o
 .debug_info    0x00000000      0x146 Src\BSP\bsp.o
 .debug_abbrev  0x00000000       0x6d Src\BSP\bsp.o
 .debug_aranges
                0x00000000       0x20 Src\BSP\bsp.o
 .debug_line    0x00000000       0x47 Src\BSP\bsp.o
 .debug_str     0x00000000      0x10f Src\BSP\bsp.o
 .comment       0x00000000       0x7d Src\BSP\bsp.o
 .debug_frame   0x00000000       0x28 Src\BSP\bsp.o
 .ARM.attributes
                0x00000000       0x33 Src\BSP\bsp.o
 .text          0x00000000        0x0 Src\BSP\core\button.o
 .data          0x00000000        0x0 Src\BSP\core\button.o
 .bss           0x00000000        0x0 Src\BSP\core\button.o
 .debug_info    0x00000000      0x884 Src\BSP\core\button.o
 .debug_abbrev  0x00000000      0x144 Src\BSP\core\button.o
 .debug_aranges
                0x00000000       0x18 Src\BSP\core\button.o
 .debug_line    0x00000000      0x114 Src\BSP\core\button.o
 .debug_str     0x00000000      0x583 Src\BSP\core\button.o
 .comment       0x00000000       0x7d Src\BSP\core\button.o
 .ARM.attributes
                0x00000000       0x33 Src\BSP\core\button.o
 .text          0x00000000        0x0 Src\BSP\core\config.o
 .data          0x00000000        0x0 Src\BSP\core\config.o
 .bss           0x00000000        0x0 Src\BSP\core\config.o
 .debug_line    0x00000000        0x0 Src\BSP\core\config.o
 .debug_str     0x00000000       0xc9 Src\BSP\core\config.o
 .comment       0x00000000       0x7d Src\BSP\core\config.o
 .ARM.attributes
                0x00000000       0x33 Src\BSP\core\config.o
 .text          0x00000000        0x0 Src\BSP\core\eeprom.o
 .data          0x00000000        0x0 Src\BSP\core\eeprom.o
 .bss           0x00000000        0x0 Src\BSP\core\eeprom.o
 .debug_info    0x00000000      0x884 Src\BSP\core\eeprom.o
 .debug_abbrev  0x00000000      0x144 Src\BSP\core\eeprom.o
 .debug_aranges
                0x00000000       0x18 Src\BSP\core\eeprom.o
 .debug_line    0x00000000      0x114 Src\BSP\core\eeprom.o
 .debug_str     0x00000000      0x583 Src\BSP\core\eeprom.o
 .comment       0x00000000       0x7d Src\BSP\core\eeprom.o
 .ARM.attributes
                0x00000000       0x33 Src\BSP\core\eeprom.o
 .text          0x00000000        0x0 Src\BSP\core\flash.o
 .data          0x00000000        0x0 Src\BSP\core\flash.o
 .bss           0x00000000        0x0 Src\BSP\core\flash.o
 .debug_info    0x00000000      0x884 Src\BSP\core\flash.o
 .debug_abbrev  0x00000000      0x144 Src\BSP\core\flash.o
 .debug_aranges
                0x00000000       0x18 Src\BSP\core\flash.o
 .debug_line    0x00000000      0x114 Src\BSP\core\flash.o
 .debug_str     0x00000000      0x582 Src\BSP\core\flash.o
 .comment       0x00000000       0x7d Src\BSP\core\flash.o
 .ARM.attributes
                0x00000000       0x33 Src\BSP\core\flash.o
 .text          0x00000000        0x8 Src\BSP\core\led.o
 .data          0x00000000        0x0 Src\BSP\core\led.o
 .bss           0x00000000        0x0 Src\BSP\core\led.o
 .debug_info    0x00000000      0x919 Src\BSP\core\led.o
 .debug_abbrev  0x00000000      0x189 Src\BSP\core\led.o
 .debug_aranges
                0x00000000       0x20 Src\BSP\core\led.o
 .debug_line    0x00000000      0x1c4 Src\BSP\core\led.o
 .debug_str     0x00000000      0x5b1 Src\BSP\core\led.o
 .comment       0x00000000       0x7d Src\BSP\core\led.o
 .debug_frame   0x00000000       0x50 Src\BSP\core\led.o
 .ARM.attributes
                0x00000000       0x33 Src\BSP\core\led.o
 .text          0x00000000        0x0 Src\BSP\core\swtimer.o
 .data          0x00000000        0x0 Src\BSP\core\swtimer.o
 .bss           0x00000000        0x0 Src\BSP\core\swtimer.o
 .debug_info    0x00000000      0x884 Src\BSP\core\swtimer.o
 .debug_abbrev  0x00000000      0x144 Src\BSP\core\swtimer.o
 .debug_aranges
                0x00000000       0x18 Src\BSP\core\swtimer.o
 .debug_line    0x00000000      0x114 Src\BSP\core\swtimer.o
 .debug_str     0x00000000      0x584 Src\BSP\core\swtimer.o
 .comment       0x00000000       0x7d Src\BSP\core\swtimer.o
 .ARM.attributes
                0x00000000       0x33 Src\BSP\core\swtimer.o
 .text          0x00000000        0x0 Src\BSP\core\timer.o
 .data          0x00000000        0x0 Src\BSP\core\timer.o
 .bss           0x00000000        0x0 Src\BSP\core\timer.o
 .debug_info    0x00000000      0x884 Src\BSP\core\timer.o
 .debug_abbrev  0x00000000      0x144 Src\BSP\core\timer.o
 .debug_aranges
                0x00000000       0x18 Src\BSP\core\timer.o
 .debug_line    0x00000000      0x114 Src\BSP\core\timer.o
 .debug_str     0x00000000      0x582 Src\BSP\core\timer.o
 .comment       0x00000000       0x7d Src\BSP\core\timer.o
 .ARM.attributes
                0x00000000       0x33 Src\BSP\core\timer.o
 .text          0x00000000        0x0 Src\BSP\core\uart.o
 .data          0x00000000        0x0 Src\BSP\core\uart.o
 .bss           0x00000000        0x0 Src\BSP\core\uart.o
 .debug_info    0x00000000      0x884 Src\BSP\core\uart.o
 .debug_abbrev  0x00000000      0x144 Src\BSP\core\uart.o
 .debug_aranges
                0x00000000       0x18 Src\BSP\core\uart.o
 .debug_line    0x00000000      0x114 Src\BSP\core\uart.o
 .debug_str     0x00000000      0x581 Src\BSP\core\uart.o
 .comment       0x00000000       0x7d Src\BSP\core\uart.o
 .ARM.attributes
                0x00000000       0x33 Src\BSP\core\uart.o
 .text          0x00000000       0x14 Src\Lib\Startup\startup_stm32f103xb.o
 .data          0x00000000        0x0 Src\Lib\Startup\startup_stm32f103xb.o
 .bss           0x00000000        0x0 Src\Lib\Startup\startup_stm32f103xb.o
 .bss           0x00000000        0x0 Src\Lib\system_stm32f1xx.o
 .text          0x00000000       0xb0 Src\common\core\qbuffer.o
 .data          0x00000000        0x0 Src\common\core\qbuffer.o
 .bss           0x00000000        0x0 Src\common\core\qbuffer.o
 .debug_info    0x00000000      0xac1 Src\common\core\qbuffer.o
 .debug_abbrev  0x00000000      0x1e1 Src\common\core\qbuffer.o
 .debug_loc     0x00000000      0x288 Src\common\core\qbuffer.o
 .debug_aranges
                0x00000000       0x20 Src\common\core\qbuffer.o
 .debug_line    0x00000000      0x233 Src\common\core\qbuffer.o
 .debug_str     0x00000000      0x649 Src\common\core\qbuffer.o
 .comment       0x00000000       0x7d Src\common\core\qbuffer.o
 .debug_frame   0x00000000       0xb0 Src\common\core\qbuffer.o
 .ARM.attributes
                0x00000000       0x33 Src\common\core\qbuffer.o
 .data          0x00000000        0x0 Src\main.o
 .bss           0x00000000        0x0 Src\main.o
 .text          0x00000000        0x0 c:/program files (x86)/atollic/truestudio for stm32 9.0.1/armtools/bin/../lib/gcc/arm-atollic-eabi/6.3.1/../../../../arm-atollic-eabi/lib/armv7-m\libc_nano.a(lib_a-init.o)
 .data          0x00000000        0x0 c:/program files (x86)/atollic/truestudio for stm32 9.0.1/armtools/bin/../lib/gcc/arm-atollic-eabi/6.3.1/../../../../arm-atollic-eabi/lib/armv7-m\libc_nano.a(lib_a-init.o)
 .bss           0x00000000        0x0 c:/program files (x86)/atollic/truestudio for stm32 9.0.1/armtools/bin/../lib/gcc/arm-atollic-eabi/6.3.1/../../../../arm-atollic-eabi/lib/armv7-m\libc_nano.a(lib_a-init.o)
 .text          0x00000000        0x0 c:/program files (x86)/atollic/truestudio for stm32 9.0.1/armtools/bin/../lib/gcc/arm-atollic-eabi/6.3.1/armv7-m/crtend.o
 .data          0x00000000        0x0 c:/program files (x86)/atollic/truestudio for stm32 9.0.1/armtools/bin/../lib/gcc/arm-atollic-eabi/6.3.1/armv7-m/crtend.o
 .bss           0x00000000        0x0 c:/program files (x86)/atollic/truestudio for stm32 9.0.1/armtools/bin/../lib/gcc/arm-atollic-eabi/6.3.1/armv7-m/crtend.o
 .eh_frame      0x00000000        0x4 c:/program files (x86)/atollic/truestudio for stm32 9.0.1/armtools/bin/../lib/gcc/arm-atollic-eabi/6.3.1/armv7-m/crtend.o
 .ARM.attributes
                0x00000000       0x2d c:/program files (x86)/atollic/truestudio for stm32 9.0.1/armtools/bin/../lib/gcc/arm-atollic-eabi/6.3.1/armv7-m/crtend.o
 .text          0x00000000        0x0 c:/program files (x86)/atollic/truestudio for stm32 9.0.1/armtools/bin/../lib/gcc/arm-atollic-eabi/6.3.1/armv7-m/crtn.o
 .data          0x00000000        0x0 c:/program files (x86)/atollic/truestudio for stm32 9.0.1/armtools/bin/../lib/gcc/arm-atollic-eabi/6.3.1/armv7-m/crtn.o
 .bss           0x00000000        0x0 c:/program files (x86)/atollic/truestudio for stm32 9.0.1/armtools/bin/../lib/gcc/arm-atollic-eabi/6.3.1/armv7-m/crtn.o

Memory Configuration

Name             Origin             Length             Attributes
FLASH            0x08000000         0x00020000         xr
RAM              0x20000000         0x00005000         xrw
*default*        0x00000000         0xffffffff

Linker script and memory map

LOAD c:/program files (x86)/atollic/truestudio for stm32 9.0.1/armtools/bin/../lib/gcc/arm-atollic-eabi/6.3.1/armv7-m/crti.o
LOAD c:/program files (x86)/atollic/truestudio for stm32 9.0.1/armtools/bin/../lib/gcc/arm-atollic-eabi/6.3.1/armv7-m/crtbegin.o
LOAD Src\BSP\Legucy\My103.o
LOAD Src\BSP\bsp.o
LOAD Src\BSP\core\button.o
LOAD Src\BSP\core\config.o
LOAD Src\BSP\core\eeprom.o
LOAD Src\BSP\core\flash.o
LOAD Src\BSP\core\led.o
LOAD Src\BSP\core\swtimer.o
LOAD Src\BSP\core\timer.o
LOAD Src\BSP\core\uart.o
LOAD Src\Lib\Startup\startup_stm32f103xb.o
LOAD Src\Lib\system_stm32f1xx.o
LOAD Src\common\core\qbuffer.o
LOAD Src\main.o
                0x00000080                malloc_getpagesize_P = 0x80
START GROUP
LOAD c:/program files (x86)/atollic/truestudio for stm32 9.0.1/armtools/bin/../lib/gcc/arm-atollic-eabi/6.3.1/../../../../arm-atollic-eabi/lib/armv7-m\libc_nano.a
LOAD c:/program files (x86)/atollic/truestudio for stm32 9.0.1/armtools/bin/../lib/gcc/arm-atollic-eabi/6.3.1/../../../../arm-atollic-eabi/lib/armv7-m\libm.a
END GROUP
START GROUP
LOAD c:/program files (x86)/atollic/truestudio for stm32 9.0.1/armtools/bin/../lib/gcc/arm-atollic-eabi/6.3.1/armv7-m\libgcc.a
LOAD c:/program files (x86)/atollic/truestudio for stm32 9.0.1/armtools/bin/../lib/gcc/arm-atollic-eabi/6.3.1/../../../../arm-atollic-eabi/lib/armv7-m\libc_nano.a
END GROUP
START GROUP
LOAD c:/program files (x86)/atollic/truestudio for stm32 9.0.1/armtools/bin/../lib/gcc/arm-atollic-eabi/6.3.1/armv7-m\libgcc.a
LOAD c:/program files (x86)/atollic/truestudio for stm32 9.0.1/armtools/bin/../lib/gcc/arm-atollic-eabi/6.3.1/../../../../arm-atollic-eabi/lib/armv7-m\libc_nano.a
LOAD c:/program files (x86)/atollic/truestudio for stm32 9.0.1/armtools/bin/../lib/gcc/arm-atollic-eabi/6.3.1/../../../../arm-atollic-eabi/lib/armv7-m\libnosys.a
END GROUP
START GROUP
LOAD c:/program files (x86)/atollic/truestudio for stm32 9.0.1/armtools/bin/../lib/gcc/arm-atollic-eabi/6.3.1/armv7-m\libgcc.a
LOAD c:/program files (x86)/atollic/truestudio for stm32 9.0.1/armtools/bin/../lib/gcc/arm-atollic-eabi/6.3.1/../../../../arm-atollic-eabi/lib/armv7-m\libc_nano.a
LOAD c:/program files (x86)/atollic/truestudio for stm32 9.0.1/armtools/bin/../lib/gcc/arm-atollic-eabi/6.3.1/../../../../arm-atollic-eabi/lib/armv7-m\libnosys.a
END GROUP
LOAD c:/program files (x86)/atollic/truestudio for stm32 9.0.1/armtools/bin/../lib/gcc/arm-atollic-eabi/6.3.1/armv7-m/crtend.o
LOAD c:/program files (x86)/atollic/truestudio for stm32 9.0.1/armtools/bin/../lib/gcc/arm-atollic-eabi/6.3.1/armv7-m/crtn.o
                0x20004fff                _estack = 0x20004fff
                0x00000200                _Min_Heap_Size = 0x200
                0x00000400                _Min_Stack_Size = 0x400

.isr_vector     0x08000000      0x10c
                0x08000000                . = ALIGN (0x4)
 *(.isr_vector)
 .isr_vector    0x08000000      0x10c Src\Lib\Startup\startup_stm32f103xb.o
                0x08000000                g_pfnVectors
                0x0800010c                . = ALIGN (0x4)

.text           0x0800010c      0x1d0
                0x0800010c                . = ALIGN (0x4)
 *(.text)
 .text          0x0800010c       0x40 c:/program files (x86)/atollic/truestudio for stm32 9.0.1/armtools/bin/../lib/gcc/arm-atollic-eabi/6.3.1/armv7-m/crtbegin.o
 .text          0x0800014c       0xe0 Src\Lib\system_stm32f1xx.o
                0x0800014c                SystemInit
                0x08000198                SystemCoreClockUpdate
 .text          0x0800022c        0x2 Src\main.o
                0x0800022c                main
 *(.text*)
 *fill*         0x0800022e        0x2 
 .text.Reset_Handler
                0x08000230       0x48 Src\Lib\Startup\startup_stm32f103xb.o
                0x08000230                Reset_Handler
 .text.Default_Handler
                0x08000278        0x2 Src\Lib\Startup\startup_stm32f103xb.o
                0x08000278                RTC_Alarm_IRQHandler
                0x08000278                EXTI2_IRQHandler
                0x08000278                DebugMon_Handler
                0x08000278                TIM1_CC_IRQHandler
                0x08000278                HardFault_Handler
                0x08000278                SysTick_Handler
                0x08000278                PVD_IRQHandler
                0x08000278                PendSV_Handler
                0x08000278                NMI_Handler
                0x08000278                EXTI3_IRQHandler
                0x08000278                EXTI0_IRQHandler
                0x08000278                I2C2_EV_IRQHandler
                0x08000278                UsageFault_Handler
                0x08000278                ADC1_2_IRQHandler
                0x08000278                SPI1_IRQHandler
                0x08000278                TAMPER_IRQHandler
                0x08000278                DMA1_Channel4_IRQHandler
                0x08000278                USART3_IRQHandler
                0x08000278                RTC_IRQHandler
                0x08000278                DMA1_Channel7_IRQHandler
                0x08000278                CAN1_RX1_IRQHandler
                0x08000278                TIM4_IRQHandler
                0x08000278                I2C1_EV_IRQHandler
                0x08000278                DMA1_Channel6_IRQHandler
                0x08000278                TIM3_IRQHandler
                0x08000278                RCC_IRQHandler
                0x08000278                TIM1_TRG_COM_IRQHandler
                0x08000278                DMA1_Channel1_IRQHandler
                0x08000278                Default_Handler
                0x08000278                EXTI15_10_IRQHandler
                0x08000278                EXTI9_5_IRQHandler
                0x08000278                SPI2_IRQHandler
                0x08000278                MemManage_Handler
                0x08000278                SVC_Handler
                0x08000278                DMA1_Channel5_IRQHandler
                0x08000278                EXTI4_IRQHandler
                0x08000278                USB_LP_CAN1_RX0_IRQHandler
                0x08000278                USB_HP_CAN1_TX_IRQHandler
                0x08000278                DMA1_Channel3_IRQHandler
                0x08000278                TIM1_UP_IRQHandler
                0x08000278                WWDG_IRQHandler
                0x08000278                TIM2_IRQHandler
                0x08000278                TIM1_BRK_IRQHandler
                0x08000278                EXTI1_IRQHandler
                0x08000278                USART2_IRQHandler
                0x08000278                I2C2_ER_IRQHandler
                0x08000278                DMA1_Channel2_IRQHandler
                0x08000278                CAN1_SCE_IRQHandler
                0x08000278                FLASH_IRQHandler
                0x08000278                BusFault_Handler
                0x08000278                USART1_IRQHandler
                0x08000278                I2C1_ER_IRQHandler
                0x08000278                USBWakeUp_IRQHandler
 *fill*         0x0800027a        0x2 
 .text.__libc_init_array
                0x0800027c       0x48 c:/program files (x86)/atollic/truestudio for stm32 9.0.1/armtools/bin/../lib/gcc/arm-atollic-eabi/6.3.1/../../../../arm-atollic-eabi/lib/armv7-m\libc_nano.a(lib_a-init.o)
                0x0800027c                __libc_init_array
 *(.glue_7)
 .glue_7        0x080002c4        0x0 linker stubs
 *(.glue_7t)
 .glue_7t       0x080002c4        0x0 linker stubs
 *(.eh_frame)
 .eh_frame      0x080002c4        0x0 c:/program files (x86)/atollic/truestudio for stm32 9.0.1/armtools/bin/../lib/gcc/arm-atollic-eabi/6.3.1/armv7-m/crtbegin.o
 *(.init)
 .init          0x080002c4        0x4 c:/program files (x86)/atollic/truestudio for stm32 9.0.1/armtools/bin/../lib/gcc/arm-atollic-eabi/6.3.1/armv7-m/crti.o
                0x080002c4                _init
 .init          0x080002c8        0x8 c:/program files (x86)/atollic/truestudio for stm32 9.0.1/armtools/bin/../lib/gcc/arm-atollic-eabi/6.3.1/armv7-m/crtn.o
 *(.fini)
 .fini          0x080002d0        0x4 c:/program files (x86)/atollic/truestudio for stm32 9.0.1/armtools/bin/../lib/gcc/arm-atollic-eabi/6.3.1/armv7-m/crti.o
                0x080002d0                _fini
 .fini          0x080002d4        0x8 c:/program files (x86)/atollic/truestudio for stm32 9.0.1/armtools/bin/../lib/gcc/arm-atollic-eabi/6.3.1/armv7-m/crtn.o
                0x080002dc                . = ALIGN (0x4)
                0x080002dc                _etext = .

.vfp11_veneer   0x080002dc        0x0
 .vfp11_veneer  0x080002dc        0x0 linker stubs

.v4_bx          0x080002dc        0x0
 .v4_bx         0x080002dc        0x0 linker stubs

.iplt           0x080002dc        0x0
 .iplt          0x080002dc        0x0 c:/program files (x86)/atollic/truestudio for stm32 9.0.1/armtools/bin/../lib/gcc/arm-atollic-eabi/6.3.1/armv7-m/crtbegin.o

.rodata         0x080002dc       0x18
                0x080002dc                . = ALIGN (0x4)
 *(.rodata)
 .rodata        0x080002dc       0x18 Src\Lib\system_stm32f1xx.o
                0x080002dc                AHBPrescTable
                0x080002ec                APBPrescTable
 *(.rodata*)
                0x080002f4                . = ALIGN (0x4)

.rel.dyn        0x080002f4        0x0
 .rel.iplt      0x080002f4        0x0 c:/program files (x86)/atollic/truestudio for stm32 9.0.1/armtools/bin/../lib/gcc/arm-atollic-eabi/6.3.1/armv7-m/crtbegin.o

.ARM.extab
 *(.ARM.extab* .gnu.linkonce.armextab.*)

.ARM            0x080002f4        0x0
                0x080002f4                __exidx_start = .
 *(.ARM.exidx*)
                0x080002f4                __exidx_end = .

.preinit_array  0x080002f4        0x0
                0x080002f4                PROVIDE (__preinit_array_start, .)
 *(.preinit_array*)
                0x080002f4                PROVIDE (__preinit_array_end, .)

.init_array     0x080002f4        0x4
                0x080002f4                PROVIDE (__init_array_start, .)
 *(SORT(.init_array.*))
 *(.init_array*)
 .init_array    0x080002f4        0x4 c:/program files (x86)/atollic/truestudio for stm32 9.0.1/armtools/bin/../lib/gcc/arm-atollic-eabi/6.3.1/armv7-m/crtbegin.o
                0x080002f8                PROVIDE (__init_array_end, .)

.fini_array     0x080002f8        0x4
                [!provide]                PROVIDE (__fini_array_start, .)
 *(SORT(.fini_array.*))
 *(.fini_array*)
 .fini_array    0x080002f8        0x4 c:/program files (x86)/atollic/truestudio for stm32 9.0.1/armtools/bin/../lib/gcc/arm-atollic-eabi/6.3.1/armv7-m/crtbegin.o
                [!provide]                PROVIDE (__fini_array_end, .)
                0x080002fc                _sidata = LOADADDR (.data)

.data           0x20000000        0x4 load address 0x080002fc
                0x20000000                . = ALIGN (0x4)
                0x20000000                _sdata = .
 *(.data)
 .data          0x20000000        0x4 Src\Lib\system_stm32f1xx.o
                0x20000000                SystemCoreClock
 *(.data*)
                0x20000004                . = ALIGN (0x4)
                0x20000004                _edata = .

.igot.plt       0x20000004        0x0 load address 0x08000300
 .igot.plt      0x20000004        0x0 c:/program files (x86)/atollic/truestudio for stm32 9.0.1/armtools/bin/../lib/gcc/arm-atollic-eabi/6.3.1/armv7-m/crtbegin.o
                0x20000004                . = ALIGN (0x4)

.bss            0x20000004       0x1c load address 0x08000300
                0x20000004                _sbss = .
                0x20000004                __bss_start__ = _sbss
 *(.bss)
 .bss           0x20000004       0x1c c:/program files (x86)/atollic/truestudio for stm32 9.0.1/armtools/bin/../lib/gcc/arm-atollic-eabi/6.3.1/armv7-m/crtbegin.o
 *(.bss*)
 *(COMMON)
                0x20000020                . = ALIGN (0x4)
                0x20000020                _ebss = .
                0x20000020                __bss_end__ = _ebss

._user_heap_stack
                0x20000020      0x600 load address 0x08000300
                0x20000020                . = ALIGN (0x4)
                [!provide]                PROVIDE (end, .)
                [!provide]                PROVIDE (_end, .)
                0x20000220                . = (. + _Min_Heap_Size)
 *fill*         0x20000020      0x200 
                0x20000620                . = (. + _Min_Stack_Size)
 *fill*         0x20000220      0x400 
                0x20000620                . = ALIGN (0x4)

/DISCARD/
 libc.a(*)
 libm.a(*)
 libgcc.a(*)

.ARM.attributes
                0x00000000       0x29
 *(.ARM.attributes)
 .ARM.attributes
                0x00000000       0x1d c:/program files (x86)/atollic/truestudio for stm32 9.0.1/armtools/bin/../lib/gcc/arm-atollic-eabi/6.3.1/armv7-m/crti.o
 .ARM.attributes
                0x0000001d       0x2d c:/program files (x86)/atollic/truestudio for stm32 9.0.1/armtools/bin/../lib/gcc/arm-atollic-eabi/6.3.1/armv7-m/crtbegin.o
 .ARM.attributes
                0x0000004a       0x21 Src\Lib\Startup\startup_stm32f103xb.o
 .ARM.attributes
                0x0000006b       0x33 Src\Lib\system_stm32f1xx.o
 .ARM.attributes
                0x0000009e       0x33 Src\main.o
 .ARM.attributes
                0x000000d1       0x2d c:/program files (x86)/atollic/truestudio for stm32 9.0.1/armtools/bin/../lib/gcc/arm-atollic-eabi/6.3.1/../../../../arm-atollic-eabi/lib/armv7-m\libc_nano.a(lib_a-init.o)
 .ARM.attributes
                0x000000fe       0x1d c:/program files (x86)/atollic/truestudio for stm32 9.0.1/armtools/bin/../lib/gcc/arm-atollic-eabi/6.3.1/armv7-m/crtn.o
OUTPUT(1_LED.elf elf32-littlearm)

.debug_line     0x00000000      0x4a8
 .debug_line    0x00000000       0x85 Src\Lib\Startup\startup_stm32f103xb.o
 .debug_line    0x00000085      0x1e0 Src\Lib\system_stm32f1xx.o
 .debug_line    0x00000265      0x243 Src\main.o

.debug_info     0x00000000      0xdaf
 .debug_info    0x00000000       0x7d Src\Lib\Startup\startup_stm32f103xb.o
 .debug_info    0x0000007d      0x3ee Src\Lib\system_stm32f1xx.o
 .debug_info    0x0000046b      0x944 Src\main.o

.debug_abbrev   0x00000000      0x2bb
 .debug_abbrev  0x00000000       0x12 Src\Lib\Startup\startup_stm32f103xb.o
 .debug_abbrev  0x00000012      0x12f Src\Lib\system_stm32f1xx.o
 .debug_abbrev  0x00000141      0x17a Src\main.o

.debug_aranges  0x00000000       0x68
 .debug_aranges
                0x00000000       0x28 Src\Lib\Startup\startup_stm32f103xb.o
 .debug_aranges
                0x00000028       0x20 Src\Lib\system_stm32f1xx.o
 .debug_aranges
                0x00000048       0x20 Src\main.o

.debug_ranges   0x00000000       0x20
 .debug_ranges  0x00000000       0x20 Src\Lib\Startup\startup_stm32f103xb.o

.debug_loc      0x00000000       0xdf
 .debug_loc     0x00000000       0xdf Src\Lib\system_stm32f1xx.o

.debug_str      0x00000000      0x658
 .debug_str     0x00000000      0x255 Src\Lib\system_stm32f1xx.o
                                0x2a2 (size before relaxing)
 .debug_str     0x00000255      0x403 Src\main.o
                                0x5ee (size before relaxing)

.comment        0x00000000       0x7c
 .comment       0x00000000       0x7c Src\Lib\system_stm32f1xx.o
                                 0x7d (size before relaxing)
 .comment       0x0000007c       0x7d Src\main.o

.debug_frame    0x00000000       0x7c
 .debug_frame   0x00000000       0x30 Src\Lib\system_stm32f1xx.o
 .debug_frame   0x00000030       0x20 Src\main.o
 .debug_frame   0x00000050       0x2c c:/program files (x86)/atollic/truestudio for stm32 9.0.1/armtools/bin/../lib/gcc/arm-atollic-eabi/6.3.1/../../../../arm-atollic-eabi/lib/armv7-m\libc_nano.a(lib_a-init.o)

Cross Reference Table

Symbol                                            File
ADC1_2_IRQHandler                                 Src\Lib\Startup\startup_stm32f103xb.o
AHBPrescTable                                     Src\Lib\system_stm32f1xx.o
APBPrescTable                                     Src\Lib\system_stm32f1xx.o
BusFault_Handler                                  Src\Lib\Startup\startup_stm32f103xb.o
CAN1_RX1_IRQHandler                               Src\Lib\Startup\startup_stm32f103xb.o
CAN1_SCE_IRQHandler                               Src\Lib\Startup\startup_stm32f103xb.o
DMA1_Channel1_IRQHandler                          Src\Lib\Startup\startup_stm32f103xb.o
DMA1_Channel2_IRQHandler                          Src\Lib\Startup\startup_stm32f103xb.o
DMA1_Channel3_IRQHandler                          Src\Lib\Startup\startup_stm32f103xb.o
DMA1_Channel4_IRQHandler                          Src\Lib\Startup\startup_stm32f103xb.o
DMA1_Channel5_IRQHandler                          Src\Lib\Startup\startup_stm32f103xb.o
DMA1_Channel6_IRQHandler                          Src\Lib\Startup\startup_stm32f103xb.o
DMA1_Channel7_IRQHandler                          Src\Lib\Startup\startup_stm32f103xb.o
DebugMon_Handler                                  Src\Lib\Startup\startup_stm32f103xb.o
Default_Handler                                   Src\Lib\Startup\startup_stm32f103xb.o
Delay_ms                                          Src\BSP\Legucy\My103.o
Delay_us                                          Src\BSP\Legucy\My103.o
EXTI0_IRQHandler                                  Src\Lib\Startup\startup_stm32f103xb.o
EXTI15_10_IRQHandler                              Src\Lib\Startup\startup_stm32f103xb.o
EXTI1_IRQHandler                                  Src\Lib\Startup\startup_stm32f103xb.o
EXTI2_IRQHandler                                  Src\Lib\Startup\startup_stm32f103xb.o
EXTI3_IRQHandler                                  Src\Lib\Startup\startup_stm32f103xb.o
EXTI4_IRQHandler                                  Src\Lib\Startup\startup_stm32f103xb.o
EXTI9_5_IRQHandler                                Src\Lib\Startup\startup_stm32f103xb.o
EXTI_Config                                       Src\BSP\Legucy\My103.o
FLASH_IRQHandler                                  Src\Lib\Startup\startup_stm32f103xb.o
HardFault_Handler                                 Src\Lib\Startup\startup_stm32f103xb.o
I2C1_ER_IRQHandler                                Src\Lib\Startup\startup_stm32f103xb.o
I2C1_EV_IRQHandler                                Src\Lib\Startup\startup_stm32f103xb.o
I2C2_ER_IRQHandler                                Src\Lib\Startup\startup_stm32f103xb.o
I2C2_EV_IRQHandler                                Src\Lib\Startup\startup_stm32f103xb.o
MemManage_Handler                                 Src\Lib\Startup\startup_stm32f103xb.o
NMI_Handler                                       Src\Lib\Startup\startup_stm32f103xb.o
PVD_IRQHandler                                    Src\Lib\Startup\startup_stm32f103xb.o
PendSV_Handler                                    Src\Lib\Startup\startup_stm32f103xb.o
RCC_Config                                        Src\BSP\Legucy\My103.o
RCC_IRQHandler                                    Src\Lib\Startup\startup_stm32f103xb.o
RTC_Alarm_IRQHandler                              Src\Lib\Startup\startup_stm32f103xb.o
RTC_IRQHandler                                    Src\Lib\Startup\startup_stm32f103xb.o
Reset_Handler                                     Src\Lib\Startup\startup_stm32f103xb.o
SPI1_IRQHandler                                   Src\Lib\Startup\startup_stm32f103xb.o
SPI2_IRQHandler                                   Src\Lib\Startup\startup_stm32f103xb.o
SVC_Handler                                       Src\Lib\Startup\startup_stm32f103xb.o
SerialPutChar                                     Src\BSP\Legucy\My103.o
Serial_PutString                                  Src\BSP\Legucy\My103.o
SysTick_Handler                                   Src\Lib\Startup\startup_stm32f103xb.o
SystemCoreClock                                   Src\Lib\system_stm32f1xx.o
SystemCoreClockUpdate                             Src\Lib\system_stm32f1xx.o
SystemInit                                        Src\Lib\system_stm32f1xx.o
                                                  Src\Lib\Startup\startup_stm32f103xb.o
TAMPER_IRQHandler                                 Src\Lib\Startup\startup_stm32f103xb.o
TIM1_BRK_IRQHandler                               Src\Lib\Startup\startup_stm32f103xb.o
TIM1_CC_IRQHandler                                Src\Lib\Startup\startup_stm32f103xb.o
TIM1_TRG_COM_IRQHandler                           Src\Lib\Startup\startup_stm32f103xb.o
TIM1_UP_IRQHandler                                Src\Lib\Startup\startup_stm32f103xb.o
TIM2_IRQHandler                                   Src\Lib\Startup\startup_stm32f103xb.o
TIM3_IRQHandler                                   Src\Lib\Startup\startup_stm32f103xb.o
TIM4_IRQHandler                                   Src\Lib\Startup\startup_stm32f103xb.o
USART1_IRQHandler                                 Src\Lib\Startup\startup_stm32f103xb.o
USART2_IRQHandler                                 Src\Lib\Startup\startup_stm32f103xb.o
USART3_IRQHandler                                 Src\Lib\Startup\startup_stm32f103xb.o
USBWakeUp_IRQHandler                              Src\Lib\Startup\startup_stm32f103xb.o
USB_HP_CAN1_TX_IRQHandler                         Src\Lib\Startup\startup_stm32f103xb.o
USB_LP_CAN1_RX0_IRQHandler                        Src\Lib\Startup\startup_stm32f103xb.o
UsageFault_Handler                                Src\Lib\Startup\startup_stm32f103xb.o
WWDG_IRQHandler                                   Src\Lib\Startup\startup_stm32f103xb.o
__deregister_frame_info                           c:/program files (x86)/atollic/truestudio for stm32 9.0.1/armtools/bin/../lib/gcc/arm-atollic-eabi/6.3.1/armv7-m/crtbegin.o
__dso_handle                                      c:/program files (x86)/atollic/truestudio for stm32 9.0.1/armtools/bin/../lib/gcc/arm-atollic-eabi/6.3.1/armv7-m/crtbegin.o
__init_array_end                                  c:/program files (x86)/atollic/truestudio for stm32 9.0.1/armtools/bin/../lib/gcc/arm-atollic-eabi/6.3.1/../../../../arm-atollic-eabi/lib/armv7-m\libc_nano.a(lib_a-init.o)
__init_array_start                                c:/program files (x86)/atollic/truestudio for stm32 9.0.1/armtools/bin/../lib/gcc/arm-atollic-eabi/6.3.1/../../../../arm-atollic-eabi/lib/armv7-m\libc_nano.a(lib_a-init.o)
__libc_init_array                                 c:/program files (x86)/atollic/truestudio for stm32 9.0.1/armtools/bin/../lib/gcc/arm-atollic-eabi/6.3.1/../../../../arm-atollic-eabi/lib/armv7-m\libc_nano.a(lib_a-init.o)
                                                  Src\Lib\Startup\startup_stm32f103xb.o
__preinit_array_end                               c:/program files (x86)/atollic/truestudio for stm32 9.0.1/armtools/bin/../lib/gcc/arm-atollic-eabi/6.3.1/../../../../arm-atollic-eabi/lib/armv7-m\libc_nano.a(lib_a-init.o)
__preinit_array_start                             c:/program files (x86)/atollic/truestudio for stm32 9.0.1/armtools/bin/../lib/gcc/arm-atollic-eabi/6.3.1/../../../../arm-atollic-eabi/lib/armv7-m\libc_nano.a(lib_a-init.o)
__register_frame_info                             c:/program files (x86)/atollic/truestudio for stm32 9.0.1/armtools/bin/../lib/gcc/arm-atollic-eabi/6.3.1/armv7-m/crtbegin.o
_ebss                                             Src\Lib\Startup\startup_stm32f103xb.o
_edata                                            Src\Lib\Startup\startup_stm32f103xb.o
_estack                                           Src\Lib\Startup\startup_stm32f103xb.o
_fini                                             c:/program files (x86)/atollic/truestudio for stm32 9.0.1/armtools/bin/../lib/gcc/arm-atollic-eabi/6.3.1/armv7-m/crti.o
_init                                             c:/program files (x86)/atollic/truestudio for stm32 9.0.1/armtools/bin/../lib/gcc/arm-atollic-eabi/6.3.1/armv7-m/crti.o
                                                  c:/program files (x86)/atollic/truestudio for stm32 9.0.1/armtools/bin/../lib/gcc/arm-atollic-eabi/6.3.1/../../../../arm-atollic-eabi/lib/armv7-m\libc_nano.a(lib_a-init.o)
_sbss                                             Src\Lib\Startup\startup_stm32f103xb.o
_sdata                                            Src\Lib\Startup\startup_stm32f103xb.o
_sidata                                           Src\Lib\Startup\startup_stm32f103xb.o
buttonInit                                        Src\BSP\bsp.o
eepromInit                                        Src\BSP\bsp.o
flashInit                                         Src\BSP\bsp.o
g_pfnVectors                                      Src\Lib\Startup\startup_stm32f103xb.o
hwInit                                            Src\BSP\bsp.o
ledInit                                           Src\BSP\core\led.o
                                                  Src\BSP\bsp.o
ledOff                                            Src\BSP\core\led.o
ledOn                                             Src\BSP\core\led.o
ledToggle                                         Src\BSP\core\led.o
main                                              Src\main.o
                                                  Src\Lib\Startup\startup_stm32f103xb.o
qbufferAvailable                                  Src\common\core\qbuffer.o
qbufferCreate                                     Src\common\core\qbuffer.o
qbufferFlush                                      Src\common\core\qbuffer.o
qbufferInit                                       Src\common\core\qbuffer.o
qbufferRead                                       Src\common\core\qbuffer.o
qbufferWrite                                      Src\common\core\qbuffer.o
swtimerInit                                       Src\BSP\bsp.o
timerInit                                         Src\BSP\bsp.o
uartInit                                          Src\BSP\bsp.o
