My103.c:5:6:RCC_Config	0	static
My103.c:16:6:ledInit	0	static
My103.c:24:6:ledOn	0	static
My103.c:31:6:ledOff	0	static
My103.c:38:6:ledOffall	0	static
My103.c:44:6:ledToggle	0	static
My103.c:58:6:btn_Init	0	static
My103.c:63:5:btn_pol	0	static
My103.c:97:6:Delay_us	8	static
My103.c:125:6:Delay_ms	16	static
My103.c:133:6:SerialPutChar	0	static
My103.c:141:6:Serial_PutString	8	static
My103.c:150:6:EXTI_Config	0	static
My103.c:159:6:EXTI0_IRQHandler	8	static
My103.c:164:6:EXTI1_IRQHandler	8	static
My103.c:169:6:EXTI15_10_IRQHandler	8	static
My103.c:182:6:USART3_IRQHandler	0	static
